[2026-09-17 18:13:09] ================================================================================
[2026-09-17 18:13:09] CPU TRAINING STARTED
[2026-09-17 18:13:09] Python executable: E:\MMdetection\.venv\Scripts\python.exe
[2026-09-17 18:13:09] Config file: E:\MMDetection_2\configs\packdet_rtmdet_ins.py
[2026-09-17 18:13:09] Work directory: E:\MMDetection_2\work_dirs\packdet_rtmdet_ins_cpu
[2026-09-17 18:13:09] Training command: E:\MMdetection\.venv\Scripts\python.exe E:\MMDetection_2\mmdetection\tools\train.py E:\MMDetection_2\configs\packdet_rtmdet_ins.py --work-dir E:\MMDetection_2\work_dirs\packdet_rtmdet_ins_cpu
[2026-09-17 18:13:09] ================================================================================
[2026-09-17 18:13:11] Elapsed: 0.03 min | System CPU: 11.3% | System RAM: 71.0% (11.18/15.73 GB) | Training Process CPU: 0.0% | Training Process RAM: 169.64 MB
[2026-09-17 18:13:13] Elapsed: 0.07 min | System CPU: 5.8% | System RAM: 71.2% (11.20/15.73 GB) | Training Process CPU: 0.0% | Training Process RAM: 245.80 MB
[2026-09-17 18:13:15] Elapsed: 0.10 min | System CPU: 10.0% | System RAM: 71.8% (11.30/15.73 GB) | Training Process CPU: 0.0% | Training Process RAM: 339.04 MB
[2026-09-17 18:13:17] Elapsed: 0.13 min | System CPU: 33.8% | System RAM: 76.5% (12.04/15.73 GB) | Training Process CPU: 0.0% | Training Process RAM: 1026.36 MB
[2026-09-17 18:13:19] Elapsed: 0.17 min | System CPU: 63.1% | System RAM: 78.4% (12.34/15.73 GB) | Training Process CPU: 0.0% | Training Process RAM: 1227.01 MB
[2026-09-17 18:13:21] Elapsed: 0.20 min | System CPU: 60.1% | System RAM: 79.3% (12.47/15.73 GB) | Training Process CPU: 0.0% | Training Process RAM: 1270.31 MB
[2026-09-17 18:13:23] Elapsed: 0.23 min | System CPU: 54.6% | System RAM: 79.6% (12.53/15.73 GB) | Training Process CPU: 0.0% | Training Process RAM: 1296.48 MB
[2026-09-17 18:13:25] Elapsed: 0.27 min | System CPU: 54.4% | System RAM: 79.6% (12.53/15.73 GB) | Training Process CPU: 0.0% | Training Process RAM: 1309.65 MB
[2026-09-17 18:13:27] Elapsed: 0.30 min | System CPU: 51.5% | System RAM: 79.8% (12.55/15.73 GB) | Training Process CPU: 0.0% | Training Process RAM: 1324.14 MB
[2026-09-17 18:13:29] Elapsed: 0.33 min | System CPU: 50.6% | System RAM: 80.2% (12.61/15.73 GB) | Training Process CPU: 0.0% | Training Process RAM: 1396.00 MB
[2026-09-17 18:13:31] Elapsed: 0.37 min | System CPU: 51.3% | System RAM: 79.8% (12.56/15.73 GB) | Training Process CPU: 0.0% | Training Process RAM: 1335.43 MB
[2026-09-17 18:13:33] Elapsed: 0.40 min | System CPU: 55.3% | System RAM: 79.3% (12.48/15.73 GB) | Training Process CPU: 0.0% | Training Process RAM: 1344.68 MB
[2026-09-17 18:13:35] Elapsed: 0.43 min | System CPU: 51.3% | System RAM: 77.8% (12.24/15.73 GB) | Training Process CPU: 0.0% | Training Process RAM: 1353.18 MB
[2026-09-17 18:13:37] Elapsed: 0.47 min | System CPU: 50.6% | System RAM: 77.9% (12.25/15.73 GB) | Training Process CPU: 0.0% | Training Process RAM: 1358.18 MB
[2026-09-17 18:13:39] Elapsed: 0.50 min | System CPU: 50.6% | System RAM: 77.8% (12.24/15.73 GB) | Training Process CPU: 0.0% | Training Process RAM: 1358.53 MB
[2026-09-17 18:13:41] Elapsed: 0.53 min | System CPU: 50.9% | System RAM: 77.9% (12.25/15.73 GB) | Training Process CPU: 0.0% | Training Process RAM: 1370.73 MB
[2026-09-17 18:13:43] Elapsed: 0.57 min | System CPU: 50.9% | System RAM: 77.9% (12.25/15.73 GB) | Training Process CPU: 0.0% | Training Process RAM: 1373.53 MB
[2026-09-17 18:13:45] Elapsed: 0.60 min | System CPU: 50.2% | System RAM: 77.9% (12.26/15.73 GB) | Training Process CPU: 0.0% | Training Process RAM: 1374.86 MB
[2026-09-17 18:13:47] Elapsed: 0.63 min | System CPU: 51.7% | System RAM: 78.0% (12.27/15.73 GB) | Training Process CPU: 0.0% | Training Process RAM: 1376.29 MB
[2026-09-17 18:13:49] Elapsed: 0.67 min | System CPU: 58.3% | System RAM: 78.1% (12.29/15.73 GB) | Training Process CPU: 0.0% | Training Process RAM: 1381.39 MB
[2026-09-17 18:13:51] Elapsed: 0.70 min | System CPU: 56.3% | System RAM: 78.4% (12.33/15.73 GB) | Training Process CPU: 0.0% | Training Process RAM: 1387.68 MB
[2026-09-17 18:13:53] Elapsed: 0.73 min | System CPU: 58.5% | System RAM: 78.6% (12.37/15.73 GB) | Training Process CPU: 0.0% | Training Process RAM: 1391.60 MB
[2026-09-17 18:13:55] Elapsed: 0.77 min | System CPU: 57.5% | System RAM: 78.6% (12.37/15.73 GB) | Training Process CPU: 0.0% | Training Process RAM: 1400.36 MB
[2026-09-17 18:13:57] Elapsed: 0.80 min | System CPU: 53.6% | System RAM: 78.5% (12.36/15.73 GB) | Training Process CPU: 0.0% | Training Process RAM: 1400.29 MB
[2026-09-17 18:13:59] Elapsed: 0.83 min | System CPU: 53.7% | System RAM: 79.5% (12.50/15.73 GB) | Training Process CPU: 0.0% | Training Process RAM: 1564.16 MB
[2026-09-17 18:14:01] Elapsed: 0.87 min | System CPU: 53.3% | System RAM: 78.4% (12.33/15.73 GB) | Training Process CPU: 0.0% | Training Process RAM: 1415.49 MB
[2026-09-17 18:14:03] Elapsed: 0.90 min | System CPU: 57.2% | System RAM: 78.7% (12.38/15.73 GB) | Training Process CPU: 0.0% | Training Process RAM: 1465.92 MB
[2026-09-17 18:14:05] Elapsed: 0.93 min | System CPU: 57.4% | System RAM: 78.5% (12.35/15.73 GB) | Training Process CPU: 0.0% | Training Process RAM: 1428.16 MB
[2026-09-17 18:14:07] Elapsed: 0.97 min | System CPU: 53.2% | System RAM: 78.5% (12.35/15.73 GB) | Training Process CPU: 0.0% | Training Process RAM: 1429.60 MB
[2026-09-17 18:14:09] Elapsed: 1.00 min | System CPU: 54.1% | System RAM: 78.6% (12.36/15.73 GB) | Training Process CPU: 0.0% | Training Process RAM: 1437.66 MB
[2026-09-17 18:14:12] Elapsed: 1.03 min | System CPU: 58.2% | System RAM: 78.5% (12.35/15.73 GB) | Training Process CPU: 0.0% | Training Process RAM: 1439.57 MB
[2026-09-17 18:14:14] Elapsed: 1.07 min | System CPU: 53.2% | System RAM: 78.6% (12.36/15.73 GB) | Training Process CPU: 0.0% | Training Process RAM: 1440.08 MB
[2026-09-17 18:14:16] Elapsed: 1.10 min | System CPU: 55.4% | System RAM: 78.7% (12.39/15.73 GB) | Training Process CPU: 0.0% | Training Process RAM: 1439.98 MB
[2026-09-17 18:14:18] Elapsed: 1.15 min | System CPU: 57.7% | System RAM: 78.9% (12.42/15.73 GB) | Training Process CPU: 0.0% | Training Process RAM: 1423.47 MB
[2026-09-17 18:14:20] Elapsed: 1.18 min | System CPU: 56.2% | System RAM: 78.7% (12.38/15.73 GB) | Training Process CPU: 0.0% | Training Process RAM: 1425.90 MB
[2026-09-17 18:14:22] Elapsed: 1.22 min | System CPU: 57.2% | System RAM: 78.8% (12.39/15.73 GB) | Training Process CPU: 0.0% | Training Process RAM: 1427.19 MB
[2026-09-17 18:14:24] Elapsed: 1.25 min | System CPU: 64.6% | System RAM: 80.5% (12.67/15.73 GB) | Training Process CPU: 0.0% | Training Process RAM: 1705.86 MB
[2026-09-17 18:14:26] Elapsed: 1.28 min | System CPU: 61.7% | System RAM: 78.7% (12.38/15.73 GB) | Training Process CPU: 0.0% | Training Process RAM: 1433.50 MB
[2026-09-17 18:14:28] Elapsed: 1.32 min | System CPU: 57.3% | System RAM: 78.7% (12.38/15.73 GB) | Training Process CPU: 0.0% | Training Process RAM: 1438.45 MB
[2026-09-17 18:14:30] Elapsed: 1.35 min | System CPU: 53.5% | System RAM: 78.6% (12.37/15.73 GB) | Training Process CPU: 0.0% | Training Process RAM: 1435.18 MB
[2026-09-17 18:14:32] Elapsed: 1.38 min | System CPU: 52.5% | System RAM: 78.6% (12.36/15.73 GB) | Training Process CPU: 0.0% | Training Process RAM: 1435.24 MB
[2026-09-17 18:14:34] Elapsed: 1.42 min | System CPU: 57.9% | System RAM: 79.3% (12.48/15.73 GB) | Training Process CPU: 0.0% | Training Process RAM: 1536.48 MB
[2026-09-17 18:14:36] Elapsed: 1.45 min | System CPU: 54.6% | System RAM: 78.7% (12.39/15.73 GB) | Training Process CPU: 0.0% | Training Process RAM: 1440.86 MB
[2026-09-17 18:14:38] Elapsed: 1.48 min | System CPU: 57.1% | System RAM: 78.8% (12.40/15.73 GB) | Training Process CPU: 0.0% | Training Process RAM: 1437.29 MB
[2026-09-17 18:14:40] Elapsed: 1.52 min | System CPU: 59.7% | System RAM: 79.0% (12.42/15.73 GB) | Training Process CPU: 0.0% | Training Process RAM: 1438.96 MB
[2026-09-17 18:14:42] Elapsed: 1.55 min | System CPU: 59.5% | System RAM: 79.1% (12.44/15.73 GB) | Training Process CPU: 0.0% | Training Process RAM: 1438.35 MB
[2026-09-17 18:14:44] Elapsed: 1.58 min | System CPU: 53.9% | System RAM: 79.0% (12.43/15.73 GB) | Training Process CPU: 0.0% | Training Process RAM: 1436.16 MB
[2026-09-17 18:14:46] Elapsed: 1.62 min | System CPU: 54.2% | System RAM: 79.1% (12.44/15.73 GB) | Training Process CPU: 0.0% | Training Process RAM: 1438.59 MB
[2026-09-17 18:14:48] Elapsed: 1.65 min | System CPU: 58.3% | System RAM: 78.9% (12.42/15.73 GB) | Training Process CPU: 0.0% | Training Process RAM: 1436.87 MB
[2026-09-17 18:14:50] Elapsed: 1.68 min | System CPU: 53.6% | System RAM: 78.9% (12.41/15.73 GB) | Training Process CPU: 0.0% | Training Process RAM: 1435.55 MB
[2026-09-17 18:14:52] Elapsed: 1.72 min | System CPU: 56.2% | System RAM: 79.8% (12.56/15.73 GB) | Training Process CPU: 0.0% | Training Process RAM: 1600.76 MB
[2026-09-17 18:14:54] Elapsed: 1.75 min | System CPU: 57.0% | System RAM: 78.8% (12.39/15.73 GB) | Training Process CPU: 0.0% | Training Process RAM: 1437.99 MB
[2026-09-17 18:14:56] Elapsed: 1.78 min | System CPU: 58.6% | System RAM: 78.7% (12.38/15.73 GB) | Training Process CPU: 0.0% | Training Process RAM: 1437.68 MB
[2026-09-17 18:14:58] Elapsed: 1.82 min | System CPU: 53.7% | System RAM: 78.6% (12.37/15.73 GB) | Training Process CPU: 0.0% | Training Process RAM: 1438.70 MB
[2026-09-17 18:15:00] Elapsed: 1.85 min | System CPU: 54.2% | System RAM: 78.9% (12.41/15.73 GB) | Training Process CPU: 0.0% | Training Process RAM: 1473.21 MB
[2026-09-17 18:15:02] Elapsed: 1.88 min | System CPU: 51.8% | System RAM: 78.7% (12.37/15.73 GB) | Training Process CPU: 0.0% | Training Process RAM: 1439.38 MB
[2026-09-17 18:15:04] Elapsed: 1.92 min | System CPU: 53.6% | System RAM: 78.4% (12.33/15.73 GB) | Training Process CPU: 0.0% | Training Process RAM: 1436.85 MB
[2026-09-17 18:15:06] Elapsed: 1.95 min | System CPU: 58.2% | System RAM: 78.5% (12.35/15.73 GB) | Training Process CPU: 0.0% | Training Process RAM: 1443.94 MB
[2026-09-17 18:15:08] Elapsed: 1.98 min | System CPU: 59.3% | System RAM: 78.6% (12.37/15.73 GB) | Training Process CPU: 0.0% | Training Process RAM: 1442.85 MB
[2026-09-17 18:15:10] Elapsed: 2.02 min | System CPU: 57.9% | System RAM: 78.6% (12.36/15.73 GB) | Training Process CPU: 0.0% | Training Process RAM: 1442.36 MB
[2026-09-17 18:15:12] Elapsed: 2.05 min | System CPU: 63.5% | System RAM: 78.8% (12.39/15.73 GB) | Training Process CPU: 0.0% | Training Process RAM: 1443.63 MB
[2026-09-17 18:15:14] Elapsed: 2.08 min | System CPU: 74.4% | System RAM: 79.0% (12.42/15.73 GB) | Training Process CPU: 0.0% | Training Process RAM: 1442.63 MB
[2026-09-17 18:15:16] Elapsed: 2.12 min | System CPU: 63.9% | System RAM: 79.3% (12.47/15.73 GB) | Training Process CPU: 0.0% | Training Process RAM: 1442.08 MB
[2026-09-17 18:15:19] Elapsed: 2.15 min | System CPU: 69.4% | System RAM: 80.0% (12.58/15.73 GB) | Training Process CPU: 0.0% | Training Process RAM: 1443.63 MB
[2026-09-17 18:15:21] Elapsed: 2.18 min | System CPU: 59.8% | System RAM: 80.0% (12.59/15.73 GB) | Training Process CPU: 0.0% | Training Process RAM: 1443.34 MB
[2026-09-17 18:15:23] Elapsed: 2.22 min | System CPU: 58.1% | System RAM: 80.2% (12.62/15.73 GB) | Training Process CPU: 0.0% | Training Process RAM: 1485.32 MB
[2026-09-17 18:15:25] Elapsed: 2.27 min | System CPU: 60.3% | System RAM: 80.0% (12.59/15.73 GB) | Training Process CPU: 0.0% | Training Process RAM: 1442.30 MB
[2026-09-17 18:15:27] Elapsed: 2.30 min | System CPU: 60.9% | System RAM: 80.3% (12.64/15.73 GB) | Training Process CPU: 0.0% | Training Process RAM: 1445.41 MB
[2026-09-17 18:15:29] Elapsed: 2.33 min | System CPU: 59.7% | System RAM: 80.4% (12.64/15.73 GB) | Training Process CPU: 0.0% | Training Process RAM: 1443.88 MB
[2026-09-17 18:15:31] Elapsed: 2.37 min | System CPU: 57.6% | System RAM: 80.4% (12.65/15.73 GB) | Training Process CPU: 0.0% | Training Process RAM: 1446.61 MB
[2026-09-17 18:15:33] Elapsed: 2.40 min | System CPU: 56.9% | System RAM: 80.3% (12.64/15.73 GB) | Training Process CPU: 0.0% | Training Process RAM: 1449.03 MB
[2026-09-17 18:15:35] Elapsed: 2.43 min | System CPU: 56.3% | System RAM: 80.1% (12.60/15.73 GB) | Training Process CPU: 0.0% | Training Process RAM: 1447.98 MB
[2026-09-17 18:15:37] Elapsed: 2.47 min | System CPU: 55.7% | System RAM: 80.0% (12.59/15.73 GB) | Training Process CPU: 0.0% | Training Process RAM: 1447.20 MB
[2026-09-17 18:15:39] Elapsed: 2.50 min | System CPU: 53.2% | System RAM: 79.9% (12.57/15.73 GB) | Training Process CPU: 0.0% | Training Process RAM: 1448.44 MB
[2026-09-17 18:15:41] Elapsed: 2.53 min | System CPU: 53.4% | System RAM: 79.7% (12.54/15.73 GB) | Training Process CPU: 0.0% | Training Process RAM: 1447.40 MB
[2026-09-17 18:15:43] Elapsed: 2.57 min | System CPU: 54.8% | System RAM: 79.6% (12.53/15.73 GB) | Training Process CPU: 0.0% | Training Process RAM: 1444.81 MB
[2026-09-17 18:15:45] Elapsed: 2.60 min | System CPU: 53.3% | System RAM: 79.7% (12.53/15.73 GB) | Training Process CPU: 0.0% | Training Process RAM: 1451.81 MB
[2026-09-17 18:15:47] Elapsed: 2.63 min | System CPU: 54.3% | System RAM: 79.7% (12.54/15.73 GB) | Training Process CPU: 0.0% | Training Process RAM: 1448.29 MB
[2026-09-17 18:15:49] Elapsed: 2.67 min | System CPU: 60.0% | System RAM: 80.2% (12.62/15.73 GB) | Training Process CPU: 0.0% | Training Process RAM: 1484.02 MB
[2026-09-17 18:15:51] Elapsed: 2.70 min | System CPU: 61.1% | System RAM: 80.1% (12.60/15.73 GB) | Training Process CPU: 0.0% | Training Process RAM: 1448.14 MB
[2026-09-17 18:15:53] Elapsed: 2.73 min | System CPU: 63.1% | System RAM: 80.2% (12.61/15.73 GB) | Training Process CPU: 0.0% | Training Process RAM: 1450.52 MB
[2026-09-17 18:15:55] Elapsed: 2.77 min | System CPU: 63.4% | System RAM: 80.1% (12.61/15.73 GB) | Training Process CPU: 0.0% | Training Process RAM: 1450.37 MB
[2026-09-17 18:15:57] Elapsed: 2.80 min | System CPU: 58.2% | System RAM: 80.0% (12.59/15.73 GB) | Training Process CPU: 0.0% | Training Process RAM: 1451.14 MB
[2026-09-17 18:15:59] Elapsed: 2.83 min | System CPU: 51.9% | System RAM: 80.0% (12.59/15.73 GB) | Training Process CPU: 0.0% | Training Process RAM: 1449.77 MB
[2026-09-17 18:16:01] Elapsed: 2.87 min | System CPU: 53.6% | System RAM: 80.0% (12.59/15.73 GB) | Training Process CPU: 0.0% | Training Process RAM: 1448.21 MB
[2026-09-17 18:16:03] Elapsed: 2.90 min | System CPU: 51.9% | System RAM: 79.9% (12.58/15.73 GB) | Training Process CPU: 0.0% | Training Process RAM: 1448.23 MB
[2026-09-17 18:16:05] Elapsed: 2.93 min | System CPU: 50.9% | System RAM: 79.8% (12.56/15.73 GB) | Training Process CPU: 0.0% | Training Process RAM: 1449.63 MB
[2026-09-17 18:16:07] Elapsed: 2.97 min | System CPU: 54.1% | System RAM: 80.0% (12.58/15.73 GB) | Training Process CPU: 0.0% | Training Process RAM: 1450.51 MB
[2026-09-17 18:16:09] Elapsed: 3.00 min | System CPU: 54.7% | System RAM: 80.0% (12.58/15.73 GB) | Training Process CPU: 0.0% | Training Process RAM: 1451.20 MB
[2026-09-17 18:16:11] Elapsed: 3.03 min | System CPU: 53.4% | System RAM: 79.9% (12.57/15.73 GB) | Training Process CPU: 0.0% | Training Process RAM: 1451.69 MB
[2026-09-17 18:16:13] Elapsed: 3.07 min | System CPU: 54.0% | System RAM: 79.9% (12.58/15.73 GB) | Training Process CPU: 0.0% | Training Process RAM: 1450.33 MB
[2026-09-17 18:16:15] Elapsed: 3.10 min | System CPU: 55.6% | System RAM: 80.0% (12.58/15.73 GB) | Training Process CPU: 0.0% | Training Process RAM: 1451.26 MB
[2026-09-17 18:16:17] Elapsed: 3.13 min | System CPU: 58.0% | System RAM: 80.0% (12.59/15.73 GB) | Training Process CPU: 0.0% | Training Process RAM: 1451.27 MB
[2026-09-17 18:16:19] Elapsed: 3.17 min | System CPU: 52.6% | System RAM: 80.0% (12.59/15.73 GB) | Training Process CPU: 0.0% | Training Process RAM: 1451.41 MB
[2026-09-17 18:16:21] Elapsed: 3.20 min | System CPU: 55.4% | System RAM: 80.2% (12.62/15.73 GB) | Training Process CPU: 0.0% | Training Process RAM: 1450.30 MB
[2026-09-17 18:16:23] Elapsed: 3.23 min | System CPU: 55.6% | System RAM: 80.3% (12.63/15.73 GB) | Training Process CPU: 0.0% | Training Process RAM: 1464.73 MB
[2026-09-17 18:17:48] ================================================================================
[2026-09-17 18:17:48] CPU TRAINING STARTED
[2026-09-17 18:17:48] Python executable: E:\MMdetection\.venv\Scripts\python.exe
[2026-09-17 18:17:48] Config file: E:\MMDetection_2\configs\packdet_rtmdet_ins.py
[2026-09-17 18:17:48] Work directory: E:\MMDetection_2\work_dirs\packdet_rtmdet_ins_cpu
[2026-09-17 18:17:48] Training command: E:\MMdetection\.venv\Scripts\python.exe E:\MMDetection_2\mmdetection\tools\train.py E:\MMDetection_2\configs\packdet_rtmdet_ins.py --work-dir E:\MMDetection_2\work_dirs\packdet_rtmdet_ins_cpu
[2026-09-17 18:17:48] ================================================================================
[2026-09-17 18:17:50] Elapsed: 0.03 min | System CPU: 7.2% | System RAM: 73.1% (11.49/15.73 GB) | Training Process CPU: 100.1% | Training Process RAM: 168.25 MB
[2026-09-17 18:17:53] Elapsed: 0.08 min | System CPU: 8.7% | System RAM: 73.9% (11.62/15.73 GB) | Training Process CPU: 99.9% | Training Process RAM: 273.09 MB
[2026-09-17 18:17:56] Elapsed: 0.12 min | System CPU: 22.4% | System RAM: 74.9% (11.79/15.73 GB) | Training Process CPU: 743.0% | Training Process RAM: 376.83 MB
[2026-09-17 18:17:58] Elapsed: 0.17 min | System CPU: 65.3% | System RAM: 80.4% (12.65/15.73 GB) | Training Process CPU: 800.5% | Training Process RAM: 1216.55 MB
[2026-09-17 18:18:01] Elapsed: 0.22 min | System CPU: 66.8% | System RAM: 81.5% (12.83/15.73 GB) | Training Process CPU: 800.5% | Training Process RAM: 1272.43 MB
[2026-09-17 18:18:04] Elapsed: 0.25 min | System CPU: 49.1% | System RAM: 82.2% (12.93/15.73 GB) | Training Process CPU: 792.8% | Training Process RAM: 1308.16 MB
[2026-09-17 18:18:06] Elapsed: 0.30 min | System CPU: 56.1% | System RAM: 83.5% (13.13/15.73 GB) | Training Process CPU: 800.5% | Training Process RAM: 1602.95 MB
[2026-09-17 18:18:09] Elapsed: 0.35 min | System CPU: 50.9% | System RAM: 81.8% (12.87/15.73 GB) | Training Process CPU: 800.5% | Training Process RAM: 1391.05 MB
[2026-09-17 18:18:12] Elapsed: 0.38 min | System CPU: 52.9% | System RAM: 82.3% (12.95/15.73 GB) | Training Process CPU: 800.5% | Training Process RAM: 1331.90 MB
[2026-09-17 18:18:14] Elapsed: 0.43 min | System CPU: 52.1% | System RAM: 82.4% (12.97/15.73 GB) | Training Process CPU: 738.9% | Training Process RAM: 1345.03 MB
[2026-09-17 18:18:17] Elapsed: 0.48 min | System CPU: 51.9% | System RAM: 82.5% (12.98/15.73 GB) | Training Process CPU: 800.5% | Training Process RAM: 1351.98 MB
[2026-09-17 18:18:19] Elapsed: 0.52 min | System CPU: 51.4% | System RAM: 82.3% (12.95/15.73 GB) | Training Process CPU: 799.1% | Training Process RAM: 1357.07 MB
[2026-09-17 18:18:22] Elapsed: 0.57 min | System CPU: 52.7% | System RAM: 82.2% (12.93/15.73 GB) | Training Process CPU: 802.8% | Training Process RAM: 1366.60 MB
[2026-09-17 18:18:25] Elapsed: 0.62 min | System CPU: 52.7% | System RAM: 82.1% (12.91/15.73 GB) | Training Process CPU: 799.1% | Training Process RAM: 1370.32 MB
[2026-09-17 18:18:27] Elapsed: 0.65 min | System CPU: 53.3% | System RAM: 82.1% (12.91/15.73 GB) | Training Process CPU: 800.5% | Training Process RAM: 1378.45 MB
[2026-09-17 18:18:30] Elapsed: 0.70 min | System CPU: 54.1% | System RAM: 82.1% (12.91/15.73 GB) | Training Process CPU: 800.5% | Training Process RAM: 1380.05 MB
[2026-09-17 18:18:33] Elapsed: 0.75 min | System CPU: 50.0% | System RAM: 82.1% (12.92/15.73 GB) | Training Process CPU: 800.5% | Training Process RAM: 1388.12 MB
[2026-09-17 18:18:35] Elapsed: 0.78 min | System CPU: 51.6% | System RAM: 82.2% (12.92/15.73 GB) | Training Process CPU: 792.8% | Training Process RAM: 1395.86 MB
[2026-09-17 18:18:38] Elapsed: 0.83 min | System CPU: 52.4% | System RAM: 83.5% (13.13/15.73 GB) | Training Process CPU: 799.1% | Training Process RAM: 1611.14 MB
[2026-09-17 18:18:41] Elapsed: 0.88 min | System CPU: 52.1% | System RAM: 82.2% (12.94/15.73 GB) | Training Process CPU: 800.5% | Training Process RAM: 1413.38 MB
[2026-09-17 18:18:43] Elapsed: 0.92 min | System CPU: 51.0% | System RAM: 82.3% (12.95/15.73 GB) | Training Process CPU: 800.5% | Training Process RAM: 1418.39 MB
[2026-09-17 18:18:46] Elapsed: 0.97 min | System CPU: 52.9% | System RAM: 82.4% (12.96/15.73 GB) | Training Process CPU: 800.5% | Training Process RAM: 1425.84 MB
[2026-09-17 18:18:49] Elapsed: 1.00 min | System CPU: 51.2% | System RAM: 83.5% (13.14/15.73 GB) | Training Process CPU: 800.5% | Training Process RAM: 1432.61 MB
[2026-09-17 18:18:51] Elapsed: 1.05 min | System CPU: 51.4% | System RAM: 82.3% (12.95/15.73 GB) | Training Process CPU: 799.1% | Training Process RAM: 1490.93 MB
[2026-09-17 18:18:54] Elapsed: 1.10 min | System CPU: 50.0% | System RAM: 82.4% (12.96/15.73 GB) | Training Process CPU: 802.8% | Training Process RAM: 1435.51 MB
[2026-09-17 18:18:57] Elapsed: 1.13 min | System CPU: 51.2% | System RAM: 82.2% (12.93/15.73 GB) | Training Process CPU: 796.6% | Training Process RAM: 1422.04 MB
[2026-09-17 18:18:59] Elapsed: 1.18 min | System CPU: 49.8% | System RAM: 82.2% (12.93/15.73 GB) | Training Process CPU: 800.5% | Training Process RAM: 1422.66 MB
[2026-09-17 18:19:02] Elapsed: 1.23 min | System CPU: 51.9% | System RAM: 82.3% (12.95/15.73 GB) | Training Process CPU: 799.1% | Training Process RAM: 1430.34 MB
[2026-09-17 18:19:05] Elapsed: 1.27 min | System CPU: 50.2% | System RAM: 82.3% (12.95/15.73 GB) | Training Process CPU: 800.5% | Training Process RAM: 1431.74 MB
[2026-09-17 18:19:07] Elapsed: 1.32 min | System CPU: 52.3% | System RAM: 82.4% (12.96/15.73 GB) | Training Process CPU: 796.6% | Training Process RAM: 1430.09 MB
[2026-09-17 18:19:10] Elapsed: 1.37 min | System CPU: 50.7% | System RAM: 82.8% (13.02/15.73 GB) | Training Process CPU: 792.8% | Training Process RAM: 1433.06 MB
[2026-09-17 18:19:13] Elapsed: 1.40 min | System CPU: 52.2% | System RAM: 82.4% (12.96/15.73 GB) | Training Process CPU: 800.5% | Training Process RAM: 1506.74 MB
[2026-09-17 18:19:15] Elapsed: 1.45 min | System CPU: 50.0% | System RAM: 82.3% (12.94/15.73 GB) | Training Process CPU: 792.8% | Training Process RAM: 1535.82 MB
[2026-09-17 18:19:18] Elapsed: 1.50 min | System CPU: 52.7% | System RAM: 82.2% (12.93/15.73 GB) | Training Process CPU: 800.5% | Training Process RAM: 1431.69 MB
[2026-09-17 18:19:20] Elapsed: 1.53 min | System CPU: 51.9% | System RAM: 82.2% (12.93/15.73 GB) | Training Process CPU: 800.5% | Training Process RAM: 1432.05 MB
[2026-09-17 18:19:23] Elapsed: 1.58 min | System CPU: 50.0% | System RAM: 82.2% (12.93/15.73 GB) | Training Process CPU: 800.5% | Training Process RAM: 1430.46 MB
[2026-09-17 18:19:26] Elapsed: 1.63 min | System CPU: 51.5% | System RAM: 82.2% (12.94/15.73 GB) | Training Process CPU: 799.1% | Training Process RAM: 1430.78 MB
[2026-09-17 18:19:28] Elapsed: 1.67 min | System CPU: 50.0% | System RAM: 82.2% (12.93/15.73 GB) | Training Process CPU: 799.1% | Training Process RAM: 1433.78 MB
[2026-09-17 18:19:31] Elapsed: 1.72 min | System CPU: 50.7% | System RAM: 82.2% (12.93/15.73 GB) | Training Process CPU: 800.5% | Training Process RAM: 1434.28 MB
[2026-09-17 18:19:34] Elapsed: 1.77 min | System CPU: 53.6% | System RAM: 82.2% (12.94/15.73 GB) | Training Process CPU: 800.5% | Training Process RAM: 1433.54 MB
[2026-09-17 18:19:36] Elapsed: 1.80 min | System CPU: 49.1% | System RAM: 82.2% (12.93/15.73 GB) | Training Process CPU: 799.1% | Training Process RAM: 1434.99 MB
[2026-09-17 18:19:39] Elapsed: 1.85 min | System CPU: 51.4% | System RAM: 82.2% (12.93/15.73 GB) | Training Process CPU: 796.6% | Training Process RAM: 1435.44 MB
[2026-09-17 18:19:42] Elapsed: 1.90 min | System CPU: 51.8% | System RAM: 81.4% (12.81/15.73 GB) | Training Process CPU: 792.8% | Training Process RAM: 1503.76 MB
[2026-09-17 18:19:44] Elapsed: 1.93 min | System CPU: 52.5% | System RAM: 81.3% (12.79/15.73 GB) | Training Process CPU: 800.5% | Training Process RAM: 1437.05 MB
[2026-09-17 18:19:47] Elapsed: 1.98 min | System CPU: 50.9% | System RAM: 81.3% (12.79/15.73 GB) | Training Process CPU: 800.5% | Training Process RAM: 1438.08 MB
[2026-09-17 18:19:50] Elapsed: 2.03 min | System CPU: 51.8% | System RAM: 81.6% (12.83/15.73 GB) | Training Process CPU: 796.6% | Training Process RAM: 1437.98 MB
[2026-09-17 18:19:52] Elapsed: 2.07 min | System CPU: 50.2% | System RAM: 81.5% (12.83/15.73 GB) | Training Process CPU: 800.5% | Training Process RAM: 1439.65 MB
[2026-09-17 18:19:55] Elapsed: 2.12 min | System CPU: 51.2% | System RAM: 81.6% (12.84/15.73 GB) | Training Process CPU: 800.5% | Training Process RAM: 1438.09 MB
[2026-09-17 18:19:58] Elapsed: 2.15 min | System CPU: 51.7% | System RAM: 81.4% (12.81/15.73 GB) | Training Process CPU: 800.5% | Training Process RAM: 1437.27 MB
[2026-09-17 18:20:00] Elapsed: 2.20 min | System CPU: 50.7% | System RAM: 83.4% (13.12/15.73 GB) | Training Process CPU: 799.1% | Training Process RAM: 1823.15 MB
[2026-09-17 18:20:03] Elapsed: 2.25 min | System CPU: 52.2% | System RAM: 81.6% (12.83/15.73 GB) | Training Process CPU: 800.5% | Training Process RAM: 1442.50 MB
[2026-09-17 18:20:06] Elapsed: 2.28 min | System CPU: 55.2% | System RAM: 81.6% (12.83/15.73 GB) | Training Process CPU: 800.5% | Training Process RAM: 1441.25 MB
[2026-09-17 18:20:08] Elapsed: 2.33 min | System CPU: 51.4% | System RAM: 81.7% (12.86/15.73 GB) | Training Process CPU: 800.5% | Training Process RAM: 1440.72 MB
[2026-09-17 18:20:11] Elapsed: 2.38 min | System CPU: 50.2% | System RAM: 81.7% (12.85/15.73 GB) | Training Process CPU: 800.5% | Training Process RAM: 1443.04 MB
[2026-09-17 18:20:14] Elapsed: 2.42 min | System CPU: 50.5% | System RAM: 81.7% (12.85/15.73 GB) | Training Process CPU: 799.1% | Training Process RAM: 1444.24 MB
[2026-09-17 18:20:16] Elapsed: 2.47 min | System CPU: 52.9% | System RAM: 82.0% (12.91/15.73 GB) | Training Process CPU: 765.9% | Training Process RAM: 1445.17 MB
[2026-09-17 18:20:19] Elapsed: 2.52 min | System CPU: 57.1% | System RAM: 82.4% (12.96/15.73 GB) | Training Process CPU: 800.5% | Training Process RAM: 1442.90 MB
[2026-09-17 18:20:21] Elapsed: 2.55 min | System CPU: 51.4% | System RAM: 81.8% (12.87/15.73 GB) | Training Process CPU: 800.5% | Training Process RAM: 1445.70 MB
[2026-09-17 18:20:24] Elapsed: 2.60 min | System CPU: 58.6% | System RAM: 82.0% (12.90/15.73 GB) | Training Process CPU: 800.5% | Training Process RAM: 1444.82 MB
[2026-09-17 18:20:27] Elapsed: 2.65 min | System CPU: 61.6% | System RAM: 82.1% (12.91/15.73 GB) | Training Process CPU: 723.5% | Training Process RAM: 1444.52 MB
[2026-09-17 18:20:29] Elapsed: 2.68 min | System CPU: 61.4% | System RAM: 82.2% (12.93/15.73 GB) | Training Process CPU: 796.6% | Training Process RAM: 1445.32 MB
[2026-09-17 18:20:32] Elapsed: 2.73 min | System CPU: 55.9% | System RAM: 82.6% (13.00/15.73 GB) | Training Process CPU: 800.5% | Training Process RAM: 1445.24 MB
[2026-09-17 18:20:35] Elapsed: 2.78 min | System CPU: 52.2% | System RAM: 83.9% (13.20/15.73 GB) | Training Process CPU: 800.5% | Training Process RAM: 1447.12 MB
[2026-09-17 18:20:37] Elapsed: 2.82 min | System CPU: 51.1% | System RAM: 82.2% (12.92/15.73 GB) | Training Process CPU: 800.5% | Training Process RAM: 1446.31 MB
[2026-09-17 18:20:40] Elapsed: 2.87 min | System CPU: 60.9% | System RAM: 82.3% (12.95/15.73 GB) | Training Process CPU: 800.5% | Training Process RAM: 1447.78 MB
[2026-09-17 18:20:43] Elapsed: 2.92 min | System CPU: 53.4% | System RAM: 82.5% (12.98/15.73 GB) | Training Process CPU: 796.6% | Training Process RAM: 1447.36 MB
[2026-09-17 18:20:45] Elapsed: 2.95 min | System CPU: 60.0% | System RAM: 82.5% (12.98/15.73 GB) | Training Process CPU: 785.1% | Training Process RAM: 1523.62 MB
[2026-09-17 18:20:48] Elapsed: 3.00 min | System CPU: 59.4% | System RAM: 82.9% (13.04/15.73 GB) | Training Process CPU: 585.0% | Training Process RAM: 1448.23 MB
[2026-09-17 18:20:51] Elapsed: 3.05 min | System CPU: 80.5% | System RAM: 83.8% (13.18/15.73 GB) | Training Process CPU: 796.6% | Training Process RAM: 1447.20 MB
[2026-09-17 18:20:53] Elapsed: 3.08 min | System CPU: 56.2% | System RAM: 84.1% (13.23/15.73 GB) | Training Process CPU: 800.5% | Training Process RAM: 1449.74 MB
[2026-09-17 18:20:56] Elapsed: 3.13 min | System CPU: 61.1% | System RAM: 84.5% (13.29/15.73 GB) | Training Process CPU: 731.2% | Training Process RAM: 1452.35 MB
[2026-09-17 18:20:59] Elapsed: 3.17 min | System CPU: 52.4% | System RAM: 82.8% (13.02/15.73 GB) | Training Process CPU: 792.8% | Training Process RAM: 1447.88 MB
[2026-09-17 18:21:01] Elapsed: 3.22 min | System CPU: 63.1% | System RAM: 82.9% (13.05/15.73 GB) | Training Process CPU: 800.5% | Training Process RAM: 1447.44 MB
[2026-09-17 18:21:04] Elapsed: 3.27 min | System CPU: 54.9% | System RAM: 82.7% (13.00/15.73 GB) | Training Process CPU: 796.6% | Training Process RAM: 1448.68 MB
[2026-09-17 18:21:07] Elapsed: 3.30 min | System CPU: 58.1% | System RAM: 82.7% (13.01/15.73 GB) | Training Process CPU: 792.8% | Training Process RAM: 1447.49 MB
[2026-09-17 18:21:09] Elapsed: 3.35 min | System CPU: 50.0% | System RAM: 82.6% (13.00/15.73 GB) | Training Process CPU: 799.1% | Training Process RAM: 1448.68 MB
[2026-09-17 18:21:12] Elapsed: 3.40 min | System CPU: 52.6% | System RAM: 82.5% (12.98/15.73 GB) | Training Process CPU: 800.5% | Training Process RAM: 1448.40 MB
[2026-09-17 18:21:15] Elapsed: 3.43 min | System CPU: 51.4% | System RAM: 82.4% (12.96/15.73 GB) | Training Process CPU: 800.5% | Training Process RAM: 1451.01 MB
[2026-09-17 18:21:17] Elapsed: 3.48 min | System CPU: 50.7% | System RAM: 82.3% (12.95/15.73 GB) | Training Process CPU: 796.6% | Training Process RAM: 1449.88 MB
[2026-09-17 18:21:20] Elapsed: 3.53 min | System CPU: 79.8% | System RAM: 82.5% (12.99/15.73 GB) | Training Process CPU: 800.5% | Training Process RAM: 1431.93 MB
[2026-09-17 18:21:23] Elapsed: 3.57 min | System CPU: 54.1% | System RAM: 82.7% (13.01/15.73 GB) | Training Process CPU: 800.5% | Training Process RAM: 1437.37 MB
[2026-09-17 18:21:25] Elapsed: 3.62 min | System CPU: 83.2% | System RAM: 84.4% (13.28/15.73 GB) | Training Process CPU: 792.8% | Training Process RAM: 1443.14 MB
[2026-09-17 18:21:28] Elapsed: 3.67 min | System CPU: 77.0% | System RAM: 82.5% (12.98/15.73 GB) | Training Process CPU: 800.5% | Training Process RAM: 1441.67 MB
[2026-09-17 18:21:30] Elapsed: 3.70 min | System CPU: 63.0% | System RAM: 83.5% (13.14/15.73 GB) | Training Process CPU: 800.5% | Training Process RAM: 1442.93 MB
[2026-09-17 18:21:33] Elapsed: 3.75 min | System CPU: 65.3% | System RAM: 82.0% (12.90/15.73 GB) | Training Process CPU: 800.5% | Training Process RAM: 1445.08 MB
[2026-09-17 18:21:36] Elapsed: 3.80 min | System CPU: 50.7% | System RAM: 82.0% (12.90/15.73 GB) | Training Process CPU: 785.1% | Training Process RAM: 1444.67 MB
[2026-09-17 18:21:38] Elapsed: 3.83 min | System CPU: 59.1% | System RAM: 82.0% (12.90/15.73 GB) | Training Process CPU: 792.8% | Training Process RAM: 1445.56 MB
[2026-09-17 18:21:41] Elapsed: 3.88 min | System CPU: 70.1% | System RAM: 80.9% (12.73/15.73 GB) | Training Process CPU: 796.6% | Training Process RAM: 1445.53 MB
[2026-09-17 18:21:44] Elapsed: 3.93 min | System CPU: 53.4% | System RAM: 81.3% (12.79/15.73 GB) | Training Process CPU: 800.5% | Training Process RAM: 1640.20 MB
[2026-09-17 18:21:46] Elapsed: 3.97 min | System CPU: 59.6% | System RAM: 82.2% (12.93/15.73 GB) | Training Process CPU: 792.8% | Training Process RAM: 1444.95 MB
[2026-09-17 18:21:49] Elapsed: 4.02 min | System CPU: 60.6% | System RAM: 81.0% (12.74/15.73 GB) | Training Process CPU: 800.5% | Training Process RAM: 1448.72 MB
[2026-09-17 18:21:52] Elapsed: 4.07 min | System CPU: 54.5% | System RAM: 80.8% (12.71/15.73 GB) | Training Process CPU: 796.6% | Training Process RAM: 1459.00 MB
[2026-09-17 18:21:54] Elapsed: 4.10 min | System CPU: 52.6% | System RAM: 80.9% (12.73/15.73 GB) | Training Process CPU: 800.5% | Training Process RAM: 1444.87 MB
[2026-09-17 18:21:57] Elapsed: 4.15 min | System CPU: 52.8% | System RAM: 80.6% (12.68/15.73 GB) | Training Process CPU: 800.5% | Training Process RAM: 1453.86 MB
[2026-09-17 18:22:00] Elapsed: 4.20 min | System CPU: 51.0% | System RAM: 81.8% (12.87/15.73 GB) | Training Process CPU: 785.1% | Training Process RAM: 1447.12 MB
[2026-09-17 18:22:02] Elapsed: 4.23 min | System CPU: 50.2% | System RAM: 80.4% (12.65/15.73 GB) | Training Process CPU: 796.6% | Training Process RAM: 1494.51 MB
[2026-09-17 18:22:05] Elapsed: 4.28 min | System CPU: 54.6% | System RAM: 80.0% (12.59/15.73 GB) | Training Process CPU: 800.5% | Training Process RAM: 1447.42 MB
[2026-09-17 18:22:08] Elapsed: 4.32 min | System CPU: 53.6% | System RAM: 80.0% (12.58/15.73 GB) | Training Process CPU: 800.5% | Training Process RAM: 1452.70 MB
[2026-09-17 18:22:10] Elapsed: 4.37 min | System CPU: 56.7% | System RAM: 79.5% (12.50/15.73 GB) | Training Process CPU: 800.5% | Training Process RAM: 1473.32 MB
[2026-09-17 18:22:13] Elapsed: 4.42 min | System CPU: 54.0% | System RAM: 79.5% (12.50/15.73 GB) | Training Process CPU: 800.5% | Training Process RAM: 1451.78 MB
[2026-09-17 18:22:16] Elapsed: 4.45 min | System CPU: 53.4% | System RAM: 81.6% (12.84/15.73 GB) | Training Process CPU: 788.9% | Training Process RAM: 1911.40 MB
[2026-09-17 18:22:18] Elapsed: 4.50 min | System CPU: 50.0% | System RAM: 79.3% (12.48/15.73 GB) | Training Process CPU: 788.9% | Training Process RAM: 1453.36 MB
[2026-09-17 18:22:21] Elapsed: 4.55 min | System CPU: 50.5% | System RAM: 79.3% (12.48/15.73 GB) | Training Process CPU: 788.4% | Training Process RAM: 1513.62 MB
[2026-09-17 18:22:24] Elapsed: 4.58 min | System CPU: 51.6% | System RAM: 79.3% (12.47/15.73 GB) | Training Process CPU: 792.8% | Training Process RAM: 1450.26 MB
[2026-09-17 18:22:26] Elapsed: 4.63 min | System CPU: 50.5% | System RAM: 79.2% (12.47/15.73 GB) | Training Process CPU: 800.5% | Training Process RAM: 1449.91 MB
[2026-09-17 18:22:29] Elapsed: 4.68 min | System CPU: 51.4% | System RAM: 79.2% (12.46/15.73 GB) | Training Process CPU: 796.6% | Training Process RAM: 1452.69 MB
[2026-09-17 18:22:31] Elapsed: 4.72 min | System CPU: 51.4% | System RAM: 79.1% (12.44/15.73 GB) | Training Process CPU: 785.1% | Training Process RAM: 1451.12 MB
[2026-09-17 18:22:34] Elapsed: 4.77 min | System CPU: 50.4% | System RAM: 79.1% (12.45/15.73 GB) | Training Process CPU: 800.5% | Training Process RAM: 1519.16 MB
[2026-09-17 18:22:37] Elapsed: 4.82 min | System CPU: 49.3% | System RAM: 79.2% (12.45/15.73 GB) | Training Process CPU: 800.5% | Training Process RAM: 1451.83 MB
[2026-09-17 18:22:39] Elapsed: 4.85 min | System CPU: 57.2% | System RAM: 79.2% (12.46/15.73 GB) | Training Process CPU: 799.1% | Training Process RAM: 1452.75 MB
[2026-09-17 18:22:42] Elapsed: 4.90 min | System CPU: 54.1% | System RAM: 79.3% (12.47/15.73 GB) | Training Process CPU: 800.5% | Training Process RAM: 1459.16 MB
[2026-09-17 18:22:45] Elapsed: 4.95 min | System CPU: 50.7% | System RAM: 79.3% (12.47/15.73 GB) | Training Process CPU: 800.5% | Training Process RAM: 1455.96 MB
[2026-09-17 18:22:47] Elapsed: 4.98 min | System CPU: 50.0% | System RAM: 79.2% (12.47/15.73 GB) | Training Process CPU: 800.5% | Training Process RAM: 1455.02 MB
[2026-09-17 18:22:50] Elapsed: 5.03 min | System CPU: 51.2% | System RAM: 79.3% (12.48/15.73 GB) | Training Process CPU: 792.8% | Training Process RAM: 1456.36 MB
[2026-09-17 18:22:53] Elapsed: 5.08 min | System CPU: 52.5% | System RAM: 79.3% (12.47/15.73 GB) | Training Process CPU: 800.5% | Training Process RAM: 1456.62 MB
[2026-09-17 18:22:55] Elapsed: 5.12 min | System CPU: 52.5% | System RAM: 79.3% (12.48/15.73 GB) | Training Process CPU: 800.5% | Training Process RAM: 1455.64 MB
[2026-09-17 18:22:58] Elapsed: 5.17 min | System CPU: 51.0% | System RAM: 79.2% (12.46/15.73 GB) | Training Process CPU: 796.6% | Training Process RAM: 1455.43 MB
[2026-09-17 18:23:01] Elapsed: 5.22 min | System CPU: 50.5% | System RAM: 79.3% (12.48/15.73 GB) | Training Process CPU: 800.5% | Training Process RAM: 1453.98 MB
[2026-09-17 18:23:03] Elapsed: 5.25 min | System CPU: 50.8% | System RAM: 79.2% (12.46/15.73 GB) | Training Process CPU: 800.5% | Training Process RAM: 1455.55 MB
[2026-09-17 18:23:06] Elapsed: 5.30 min | System CPU: 52.2% | System RAM: 80.3% (12.63/15.73 GB) | Training Process CPU: 792.8% | Training Process RAM: 1453.74 MB
[2026-09-17 18:23:09] Elapsed: 5.35 min | System CPU: 50.2% | System RAM: 79.4% (12.49/15.73 GB) | Training Process CPU: 792.8% | Training Process RAM: 1456.96 MB
[2026-09-17 18:23:11] Elapsed: 5.38 min | System CPU: 53.4% | System RAM: 79.6% (12.52/15.73 GB) | Training Process CPU: 800.5% | Training Process RAM: 1456.98 MB
[2026-09-17 18:23:14] Elapsed: 5.43 min | System CPU: 61.6% | System RAM: 79.5% (12.50/15.73 GB) | Training Process CPU: 800.5% | Training Process RAM: 1456.05 MB
[2026-09-17 18:23:17] Elapsed: 5.47 min | System CPU: 80.6% | System RAM: 80.5% (12.67/15.73 GB) | Training Process CPU: 800.5% | Training Process RAM: 1457.22 MB
[2026-09-17 18:23:19] Elapsed: 5.52 min | System CPU: 69.2% | System RAM: 80.7% (12.69/15.73 GB) | Training Process CPU: 800.5% | Training Process RAM: 1459.28 MB
[2026-09-17 18:23:22] Elapsed: 5.57 min | System CPU: 49.8% | System RAM: 84.0% (13.21/15.73 GB) | Training Process CPU: 800.5% | Training Process RAM: 1457.13 MB
[2026-09-17 18:23:25] Elapsed: 5.60 min | System CPU: 54.5% | System RAM: 83.6% (13.15/15.73 GB) | Training Process CPU: 800.5% | Training Process RAM: 1457.67 MB
[2026-09-17 18:23:27] Elapsed: 5.65 min | System CPU: 53.8% | System RAM: 83.5% (13.13/15.73 GB) | Training Process CPU: 800.5% | Training Process RAM: 1455.82 MB
[2026-09-17 18:23:30] Elapsed: 5.70 min | System CPU: 52.7% | System RAM: 82.8% (13.02/15.73 GB) | Training Process CPU: 796.6% | Training Process RAM: 1511.68 MB
[2026-09-17 18:23:33] Elapsed: 5.73 min | System CPU: 53.1% | System RAM: 78.9% (12.41/15.73 GB) | Training Process CPU: 800.5% | Training Process RAM: 1521.15 MB
[2026-09-17 18:23:35] Elapsed: 5.78 min | System CPU: 52.2% | System RAM: 77.3% (12.17/15.73 GB) | Training Process CPU: 799.1% | Training Process RAM: 1459.09 MB
[2026-09-17 18:23:38] Elapsed: 5.83 min | System CPU: 53.1% | System RAM: 77.1% (12.13/15.73 GB) | Training Process CPU: 800.5% | Training Process RAM: 1458.00 MB
[2026-09-17 18:23:41] Elapsed: 5.87 min | System CPU: 55.0% | System RAM: 77.2% (12.15/15.73 GB) | Training Process CPU: 792.8% | Training Process RAM: 1456.90 MB
[2026-09-17 18:23:43] Elapsed: 5.92 min | System CPU: 76.5% | System RAM: 77.2% (12.15/15.73 GB) | Training Process CPU: 574.4% | Training Process RAM: 1459.02 MB
[2026-09-17 18:23:46] Elapsed: 5.97 min | System CPU: 51.8% | System RAM: 79.9% (12.57/15.73 GB) | Training Process CPU: 792.8% | Training Process RAM: 1463.13 MB
[2026-09-17 18:23:49] Elapsed: 6.00 min | System CPU: 52.7% | System RAM: 77.0% (12.12/15.73 GB) | Training Process CPU: 800.5% | Training Process RAM: 1462.63 MB
[2026-09-17 18:23:51] Elapsed: 6.05 min | System CPU: 51.5% | System RAM: 77.2% (12.14/15.73 GB) | Training Process CPU: 788.4% | Training Process RAM: 1461.57 MB
[2026-09-17 18:23:54] Elapsed: 6.10 min | System CPU: 60.1% | System RAM: 77.4% (12.18/15.73 GB) | Training Process CPU: 723.1% | Training Process RAM: 1466.43 MB
[2026-09-17 18:23:56] Elapsed: 6.13 min | System CPU: 63.9% | System RAM: 78.0% (12.27/15.73 GB) | Training Process CPU: 800.5% | Training Process RAM: 1464.12 MB
[2026-09-17 18:23:59] Elapsed: 6.18 min | System CPU: 53.1% | System RAM: 79.2% (12.47/15.73 GB) | Training Process CPU: 792.8% | Training Process RAM: 1464.75 MB
